Archive member included to satisfy reference by file (symbol)

/opt/st/stm32cubeide_2.0.0/plugins/com.st.stm32cube.ide.mcu.externaltools.gnu-tools-for-stm32.13.3.rel1.linux64_1.0.100.202509120712/tools/bin/../lib/gcc/arm-none-eabi/13.3.1/../../../../arm-none-eabi/lib/thumb/v8-m.main+fp/hard/libc_nano.a(libc_a-exit.o)
                              /opt/st/stm32cubeide_2.0.0/plugins/com.st.stm32cube.ide.mcu.externaltools.gnu-tools-for-stm32.13.3.rel1.linux64_1.0.100.202509120712/tools/bin/../lib/gcc/arm-none-eabi/13.3.1/../../../../arm-none-eabi/lib/thumb/v8-m.main+fp/hard/crt0.o (exit)
/opt/st/stm32cubeide_2.0.0/plugins/com.st.stm32cube.ide.mcu.externaltools.gnu-tools-for-stm32.13.3.rel1.linux64_1.0.100.202509120712/tools/bin/../lib/gcc/arm-none-eabi/13.3.1/../../../../arm-none-eabi/lib/thumb/v8-m.main+fp/hard/libc_nano.a(libc_a-findfp.o)
                              /opt/st/stm32cubeide_2.0.0/plugins/com.st.stm32cube.ide.mcu.externaltools.gnu-tools-for-stm32.13.3.rel1.linux64_1.0.100.202509120712/tools/bin/../lib/gcc/arm-none-eabi/13.3.1/../../../../arm-none-eabi/lib/thumb/v8-m.main+fp/hard/libc_nano.a(libc_a-exit.o) (__stdio_exit_handler)
/opt/st/stm32cubeide_2.0.0/plugins/com.st.stm32cube.ide.mcu.externaltools.gnu-tools-for-stm32.13.3.rel1.linux64_1.0.100.202509120712/tools/bin/../lib/gcc/arm-none-eabi/13.3.1/../../../../arm-none-eabi/lib/thumb/v8-m.main+fp/hard/libc_nano.a(libc_a-fwalk.o)
                              /opt/st/stm32cubeide_2.0.0/plugins/com.st.stm32cube.ide.mcu.externaltools.gnu-tools-for-stm32.13.3.rel1.linux64_1.0.100.202509120712/tools/bin/../lib/gcc/arm-none-eabi/13.3.1/../../../../arm-none-eabi/lib/thumb/v8-m.main+fp/hard/libc_nano.a(libc_a-findfp.o) (_fwalk_sglue)
/opt/st/stm32cubeide_2.0.0/plugins/com.st.stm32cube.ide.mcu.externaltools.gnu-tools-for-stm32.13.3.rel1.linux64_1.0.100.202509120712/tools/bin/../lib/gcc/arm-none-eabi/13.3.1/../../../../arm-none-eabi/lib/thumb/v8-m.main+fp/hard/libc_nano.a(libc_a-stdio.o)
                              /opt/st/stm32cubeide_2.0.0/plugins/com.st.stm32cube.ide.mcu.externaltools.gnu-tools-for-stm32.13.3.rel1.linux64_1.0.100.202509120712/tools/bin/../lib/gcc/arm-none-eabi/13.3.1/../../../../arm-none-eabi/lib/thumb/v8-m.main+fp/hard/libc_nano.a(libc_a-findfp.o) (__sread)
/opt/st/stm32cubeide_2.0.0/plugins/com.st.stm32cube.ide.mcu.externaltools.gnu-tools-for-stm32.13.3.rel1.linux64_1.0.100.202509120712/tools/bin/../lib/gcc/arm-none-eabi/13.3.1/../../../../arm-none-eabi/lib/thumb/v8-m.main+fp/hard/libc_nano.a(libc_a-memset.o)
                              /opt/st/stm32cubeide_2.0.0/plugins/com.st.stm32cube.ide.mcu.externaltools.gnu-tools-for-stm32.13.3.rel1.linux64_1.0.100.202509120712/tools/bin/../lib/gcc/arm-none-eabi/13.3.1/../../../../arm-none-eabi/lib/thumb/v8-m.main+fp/hard/crt0.o (memset)
/opt/st/stm32cubeide_2.0.0/plugins/com.st.stm32cube.ide.mcu.externaltools.gnu-tools-for-stm32.13.3.rel1.linux64_1.0.100.202509120712/tools/bin/../lib/gcc/arm-none-eabi/13.3.1/../../../../arm-none-eabi/lib/thumb/v8-m.main+fp/hard/libc_nano.a(libc_a-closer.o)
                              /opt/st/stm32cubeide_2.0.0/plugins/com.st.stm32cube.ide.mcu.externaltools.gnu-tools-for-stm32.13.3.rel1.linux64_1.0.100.202509120712/tools/bin/../lib/gcc/arm-none-eabi/13.3.1/../../../../arm-none-eabi/lib/thumb/v8-m.main+fp/hard/libc_nano.a(libc_a-stdio.o) (_close_r)
/opt/st/stm32cubeide_2.0.0/plugins/com.st.stm32cube.ide.mcu.externaltools.gnu-tools-for-stm32.13.3.rel1.linux64_1.0.100.202509120712/tools/bin/../lib/gcc/arm-none-eabi/13.3.1/../../../../arm-none-eabi/lib/thumb/v8-m.main+fp/hard/libc_nano.a(libc_a-reent.o)
                              /opt/st/stm32cubeide_2.0.0/plugins/com.st.stm32cube.ide.mcu.externaltools.gnu-tools-for-stm32.13.3.rel1.linux64_1.0.100.202509120712/tools/bin/../lib/gcc/arm-none-eabi/13.3.1/../../../../arm-none-eabi/lib/thumb/v8-m.main+fp/hard/libc_nano.a(libc_a-closer.o) (errno)
/opt/st/stm32cubeide_2.0.0/plugins/com.st.stm32cube.ide.mcu.externaltools.gnu-tools-for-stm32.13.3.rel1.linux64_1.0.100.202509120712/tools/bin/../lib/gcc/arm-none-eabi/13.3.1/../../../../arm-none-eabi/lib/thumb/v8-m.main+fp/hard/libc_nano.a(libc_a-impure.o)
                              /opt/st/stm32cubeide_2.0.0/plugins/com.st.stm32cube.ide.mcu.externaltools.gnu-tools-for-stm32.13.3.rel1.linux64_1.0.100.202509120712/tools/bin/../lib/gcc/arm-none-eabi/13.3.1/../../../../arm-none-eabi/lib/thumb/v8-m.main+fp/hard/libc_nano.a(libc_a-reent.o) (_impure_ptr)
/opt/st/stm32cubeide_2.0.0/plugins/com.st.stm32cube.ide.mcu.externaltools.gnu-tools-for-stm32.13.3.rel1.linux64_1.0.100.202509120712/tools/bin/../lib/gcc/arm-none-eabi/13.3.1/../../../../arm-none-eabi/lib/thumb/v8-m.main+fp/hard/libc_nano.a(libc_a-lseekr.o)
[...]
Memory Configuration

Name             Origin             Length             Attributes
RAM              0x20000000         0x00040000         xrw
SRAM4            0x28000000         0x00004000         xrw
FLASH            0x08000000         0x00080000         xr
*default*        0x00000000         0xffffffff

Linker script and memory map

LOAD /opt/st/stm32cubeide_2.0.0/plugins/com.st.stm32cube.ide.mcu.externaltools.gnu-tools-for-stm32.13.3.rel1.linux64_1.0.100.202509120712/tools/bin/../lib/gcc/arm-none-eabi/13.3.1/thumb/v8-m.main+fp/hard/crti.o
LOAD /opt/st/stm32cubeide_2.0.0/plugins/com.st.stm32cube.ide.mcu.externaltools.gnu-tools-for-stm32.13.3.rel1.linux64_1.0.100.202509120712/tools/bin/../lib/gcc/arm-none-eabi/13.3.1/thumb/v8-m.main+fp/hard/crtbegin.o
LOAD /opt/st/stm32cubeide_2.0.0/plugins/com.st.stm32cube.ide.mcu.externaltools.gnu-tools-for-stm32.13.3.rel1.linux64_1.0.100.202509120712/tools/bin/../lib/gcc/arm-none-eabi/13.3.1/../../../../arm-none-eabi/lib/thumb/v8-m.main+fp/hard/crt0.o
LOAD ./Drivers/BSP/STM32U5xx_Nucleo/stm32u5xx_nucleo.o
LOAD ./Drivers/STM32U5xx_HAL_Driver/Src/stm32u5xx_hal.o
LOAD ./Drivers/STM32U5xx_HAL_Driver/Src/stm32u5xx_hal_cortex.o
LOAD ./Drivers/STM32U5xx_HAL_Driver/Src/stm32u5xx_hal_dma.o
LOAD ./Drivers/STM32U5xx_HAL_Driver/Src/stm32u5xx_hal_dma_ex.o
LOAD ./Drivers/STM32U5xx_HAL_Driver/Src/stm32u5xx_hal_exti.o
LOAD ./Drivers/STM32U5xx_HAL_Driver/Src/stm32u5xx_hal_flash.o
LOAD ./Drivers/STM32U5xx_HAL_Driver/Src/stm32u5xx_hal_flash_ex.o
LOAD ./Drivers/STM32U5xx_HAL_Driver/Src/stm32u5xx_hal_gpio.o
LOAD ./Drivers/STM32U5xx_HAL_Driver/Src/stm32u5xx_hal_gtzc.o
LOAD ./Drivers/STM32U5xx_HAL_Driver/Src/stm32u5xx_hal_i2c.o
LOAD ./Drivers/STM32U5xx_HAL_Driver/Src/stm32u5xx_hal_i2c_ex.o
LOAD ./Drivers/STM32U5xx_HAL_Driver/Src/stm32u5xx_hal_icache.o
LOAD ./Drivers/STM32U5xx_HAL_Driver/Src/stm32u5xx_hal_pwr.o
LOAD ./Drivers/STM32U5xx_HAL_Driver/Src/stm32u5xx_hal_pwr_ex.o
LOAD ./Drivers/STM32U5xx_HAL_Driver/Src/stm32u5xx_hal_rcc.o
LOAD ./Drivers/STM32U5xx_HAL_Driver/Src/stm32u5xx_hal_rcc_ex.o
LOAD ./Drivers/STM32U5xx_HAL_Driver/Src/stm32u5xx_hal_tim.o
LOAD ./Drivers/STM32U5xx_HAL_Driver/Src/stm32u5xx_hal_tim_ex.o
LOAD ./Drivers/STM32U5xx_HAL_Driver/Src/stm32u5xx_hal_uart.o
LOAD ./Drivers/STM32U5xx_HAL_Driver/Src/stm32u5xx_hal_uart_ex.o
LOAD ./Drivers/STM32U5xx_HAL_Driver/Src/stm32u5xx_hal_usart.o
LOAD ./Drivers/STM32U5xx_HAL_Driver/Src/stm32u5xx_hal_usart_ex.o
LOAD ./Src/gpdma.o
LOAD ./Src/gpio.o
LOAD ./Src/icache.o
LOAD ./Src/main.o
LOAD ./Src/memorymap.o
LOAD ./Src/stm32u5xx_hal_msp.o
LOAD ./Src/stm32u5xx_it.o
LOAD ./Src/syscalls.o
LOAD ./Src/sysmem.o
LOAD ./Src/system_stm32u5xx.o
LOAD ./Src/tim.o
LOAD ./Src/vid.o
LOAD ./Startup/startup_stm32u545retxq.o
START GROUP
LOAD /opt/st/stm32cubeide_2.0.0/plugins/com.st.stm32cube.ide.mcu.externaltools.gnu-tools-for-stm32.13.3.rel1.linux64_1.0.100.202509120712/tools/bin/../lib/gcc/arm-none-eabi/13.3.1/../../../../arm-none-eabi/lib/thumb/v8-m.main+fp/hard/libc_nano.a
LOAD /opt/st/stm32cubeide_2.0.0/plugins/com.st.stm32cube.ide.mcu.externaltools.gnu-tools-for-stm32.13.3.rel1.linux64_1.0.100.202509120712/tools/bin/../lib/gcc/arm-none-eabi/13.3.1/../../../../arm-none-eabi/lib/thumb/v8-m.main+fp/hard/libm.a
END GROUP
START GROUP
LOAD /opt/st/stm32cubeide_2.0.0/plugins/com.st.stm32cube.ide.mcu.externaltools.gnu-tools-for-stm32.13.3.rel1.linux64_1.0.100.202509120712/tools/bin/../lib/gcc/arm-none-eabi/13.3.1/thumb/v8-m.main+fp/hard/libgcc.a
LOAD /opt/st/stm32cubeide_2.0.0/plugins/com.st.stm32cube.ide.mcu.externaltools.gnu-tools-for-stm32.13.3.rel1.linux64_1.0.100.202509120712/tools/bin/../lib/gcc/arm-none-eabi/13.3.1/../../../../arm-none-eabi/lib/thumb/v8-m.main+fp/hard/libc_nano.a
END GROUP
START GROUP
LOAD /opt/st/stm32cubeide_2.0.0/plugins/com.st.stm32cube.ide.mcu.externaltools.gnu-tools-for-stm32.13.3.rel1.linux64_1.0.100.202509120712/tools/bin/../lib/gcc/arm-none-eabi/13.3.1/thumb/v8-m.main+fp/hard/libgcc.a
LOAD /opt/st/stm32cubeide_2.0.0/plugins/com.st.stm32cube.ide.mcu.externaltools.gnu-tools-for-stm32.13.3.rel1.linux64_1.0.100.202509120712/tools/bin/../lib/gcc/arm-none-eabi/13.3.1/../../../../arm-none-eabi/lib/thumb/v8-m.main+fp/hard/libc_nano.a
LOAD /opt/st/stm32cubeide_2.0.0/plugins/com.st.stm32cube.ide.mcu.externaltools.gnu-tools-for-stm32.13.3.rel1.linux64_1.0.100.202509120712/tools/bin/../lib/gcc/arm-none-eabi/13.3.1/../../../../arm-none-eabi/lib/thumb/v8-m.main+fp/hard/libnosys.a
END GROUP
START GROUP
LOAD /opt/st/stm32cubeide_2.0.0/plugins/com.st.stm32cube.ide.mcu.externaltools.gnu-tools-for-stm32.13.3.rel1.linux64_1.0.100.202509120712/tools/bin/../lib/gcc/arm-none-eabi/13.3.1/thumb/v8-m.main+fp/hard/libgcc.a
LOAD /opt/st/stm32cubeide_2.0.0/plugins/com.st.stm32cube.ide.mcu.externaltools.gnu-tools-for-stm32.13.3.rel1.linux64_1.0.100.202509120712/tools/bin/../lib/gcc/arm-none-eabi/13.3.1/../../../../arm-none-eabi/lib/thumb/v8-m.main+fp/hard/libc_nano.a
LOAD /opt/st/stm32cubeide_2.0.0/plugins/com.st.stm32cube.ide.mcu.externaltools.gnu-tools-for-stm32.13.3.rel1.linux64_1.0.100.202509120712/tools/bin/../lib/gcc/arm-none-eabi/13.3.1/../../../../arm-none-eabi/lib/thumb/v8-m.main+fp/hard/libnosys.a
END GROUP
LOAD /opt/st/stm32cubeide_2.0.0/plugins/com.st.stm32cube.ide.mcu.externaltools.gnu-tools-for-stm32.13.3.rel1.linux64_1.0.100.202509120712/tools/bin/../lib/gcc/arm-none-eabi/13.3.1/thumb/v8-m.main+fp/hard/crtend.o
LOAD /opt/st/stm32cubeide_2.0.0/plugins/com.st.stm32cube.ide.mcu.externaltools.gnu-tools-for-stm32.13.3.rel1.linux64_1.0.100.202509120712/tools/bin/../lib/gcc/arm-none-eabi/13.3.1/thumb/v8-m.main+fp/hard/crtn.o
                0x20040000                        _estack = (ORIGIN (RAM) + LENGTH (RAM))
                0x00000200                        _Min_Heap_Size = 0x200
                0x00000400                        _Min_Stack_Size = 0x400

.isr_vector     0x08000000      0x238
 *(.isr_vector)
 .isr_vector    0x08000000      0x238 ./Startup/startup_stm32u545retxq.o
                0x08000000                g_pfnVectors

.text           0x08000238     0x6c68
 *(.text)
 .text          0x08000238       0x40 /opt/st/stm32cubeide_2.0.0/plugins/com.st.stm32cube.ide.mcu.externaltools.gnu-tools-for-stm32.13.3.rel1.linux64_1.0.100.202509120712/tools/bin/../lib/gcc/arm-none-eabi/13.3.1/thumb/v8-m.main+fp/hard/crtbegin.o
 .text          0x08000278       0x30 /opt/st/stm32cubeide_2.0.0/plugins/com.st.stm32cube.ide.mcu.externaltools.gnu-tools-for-stm32.13.3.rel1.linux64_1.0.100.202509120712/tools/bin/../lib/gcc/arm-none-eabi/13.3.1/thumb/v8-m.main+fp/hard/libgcc.a(_aeabi_uldivmod.o)
                0x08000278                __aeabi_uldivmod
 .text          0x080002a8      0x348 /opt/st/stm32cubeide_2.0.0/plugins/com.st.stm32cube.ide.mcu.externaltools.gnu-tools-for-stm32.13.3.rel1.linux64_1.0.100.202509120712/tools/bin/../lib/gcc/arm-none-eabi/13.3.1/thumb/v8-m.main+fp/hard/libgcc.a(_udivmoddi4.o)
                0x080002a8                __udivmoddi4
 .text          0x080005f0        0x4 /opt/st/stm32cubeide_2.0.0/plugins/com.st.stm32cube.ide.mcu.externaltools.gnu-tools-for-stm32.13.3.rel1.linux64_1.0.100.202509120712/tools/bin/../lib/gcc/arm-none-eabi/13.3.1/thumb/v8-m.main+fp/hard/libgcc.a(_dvmd_tls.o)
                0x080005f0                __aeabi_ldiv0
                0x080005f0                __aeabi_idiv0
 *(.text*)
 .text.BSP_LED_Init
                0x080005f4       0x78 ./Drivers/BSP/STM32U5xx_Nucleo/stm32u5xx_nucleo.o
                0x080005f4                BSP_LED_Init
 .text.BSP_PB_Init
                0x0800066c       0xf0 ./Drivers/BSP/STM32U5xx_Nucleo/stm32u5xx_nucleo.o
                0x0800066c                BSP_PB_Init
 .text.BSP_PB_IRQHandler
                0x0800075c       0x2c ./Drivers/BSP/STM32U5xx_Nucleo/stm32u5xx_nucleo.o
                0x0800075c                BSP_PB_IRQHandler
 .text.BSP_PB_Callback
                0x08000788       0x16 ./Drivers/BSP/STM32U5xx_Nucleo/stm32u5xx_nucleo.o
                0x08000788                BSP_PB_Callback
 *fill*         0x0800079e        0x2 
 .text.BSP_COM_Init
                0x080007a0       0x60 ./Drivers/BSP/STM32U5xx_Nucleo/stm32u5xx_nucleo.o
                0x080007a0                BSP_COM_Init
 .text.MX_USART1_Init
                0x08000800       0x68 ./Drivers/BSP/STM32U5xx_Nucleo/stm32u5xx_nucleo.o
                0x08000800                MX_USART1_Init
 .text.BUTTON_USER_EXTI_Callback
                0x08000868        0xe ./Drivers/BSP/STM32U5xx_Nucleo/stm32u5xx_nucleo.o
 *fill*         0x08000876        0x2 
 .text.COM1_MspInit
                0x08000878       0xb0 ./Drivers/BSP/STM32U5xx_Nucleo/stm32u5xx_nucleo.o
 .text.HAL_Init
                0x08000928       0x60 ./Drivers/STM32U5xx_HAL_Driver/Src/stm32u5xx_hal.o
                0x08000928                HAL_Init
 .text.HAL_InitTick
                0x08000988       0xec ./Drivers/STM32U5xx_HAL_Driver/Src/stm32u5xx_hal.o
                0x08000988                HAL_InitTick
 .text.HAL_IncTick
                0x08000a74       0x28 ./Drivers/STM32U5xx_HAL_Driver/Src/stm32u5xx_hal.o
                0x08000a74                HAL_IncTick
 .text.HAL_GetTick
                0x08000a9c       0x18 ./Drivers/STM32U5xx_HAL_Driver/Src/stm32u5xx_hal.o
                0x08000a9c                HAL_GetTick
 .text.__NVIC_SetPriorityGrouping
                0x08000ab4       0x48 ./Drivers/STM32U5xx_HAL_Driver/Src/stm32u5xx_hal_cortex.o
 .text.__NVIC_GetPriorityGrouping
                0x08000afc       0x1c ./Drivers/STM32U5xx_HAL_Driver/Src/stm32u5xx_hal_cortex.o
 .text.__NVIC_EnableIRQ
                0x08000b18       0x3c ./Drivers/STM32U5xx_HAL_Driver/Src/stm32u5xx_hal_cortex.o
 .text.__NVIC_SetPriority
                0x08000b54       0x54 ./Drivers/STM32U5xx_HAL_Driver/Src/stm32u5xx_hal_cortex.o
 .text.NVIC_EncodePriority
                0x08000ba8       0x66 ./Drivers/STM32U5xx_HAL_Driver/Src/stm32u5xx_hal_cortex.o
 .text.HAL_NVIC_SetPriorityGrouping
                0x08000c0e       0x16 ./Drivers/STM32U5xx_HAL_Driver/Src/stm32u5xx_hal_cortex.o
                0x08000c0e                HAL_NVIC_SetPriorityGrouping
 .text.HAL_NVIC_SetPriority
                0x08000c24       0x34 ./Drivers/STM32U5xx_HAL_Driver/Src/stm32u5xx_hal_cortex.o
                0x08000c24                HAL_NVIC_SetPriority
 .text.HAL_NVIC_EnableIRQ
                0x08000c58       0x1c ./Drivers/STM32U5xx_HAL_Driver/Src/stm32u5xx_hal_cortex.o
                0x08000c58                HAL_NVIC_EnableIRQ
 .text.HAL_SYSTICK_Config
                0x08000c74       0x44 ./Drivers/STM32U5xx_HAL_Driver/Src/stm32u5xx_hal_cortex.o
                0x08000c74                HAL_SYSTICK_Config
 .text.HAL_SYSTICK_CLKSourceConfig
                0x08000cb8       0xb0 ./Drivers/STM32U5xx_HAL_Driver/Src/stm32u5xx_hal_cortex.o
                0x08000cb8                HAL_SYSTICK_CLKSourceConfig
 .text.HAL_SYSTICK_GetCLKSourceConfig
                0x08000d68       0x74 ./Drivers/STM32U5xx_HAL_Driver/Src/stm32u5xx_hal_cortex.o
                0x08000d68                HAL_SYSTICK_GetCLKSourceConfig
 .text.HAL_DMA_Init
                0x08000ddc      0x258 ./Drivers/STM32U5xx_HAL_Driver/Src/stm32u5xx_hal_dma.o
                0x08000ddc                HAL_DMA_Init
 .text.HAL_DMA_ConfigChannelAttributes
                0x08001034       0x78 ./Drivers/STM32U5xx_HAL_Driver/Src/stm32u5xx_hal_dma.o
                0x08001034                HAL_DMA_ConfigChannelAttributes
 .text.DMA_Init
                0x080010ac      0x500 ./Drivers/STM32U5xx_HAL_Driver/Src/stm32u5xx_hal_dma.o
 .text.HAL_EXTI_RegisterCallback
                0x080015ac       0x58 ./Drivers/STM32U5xx_HAL_Driver/Src/stm32u5xx_hal_exti.o
                0x080015ac                HAL_EXTI_RegisterCallback
 .text.HAL_EXTI_GetHandle
                0x08001604       0x28 ./Drivers/STM32U5xx_HAL_Driver/Src/stm32u5xx_hal_exti.o
                0x08001604                HAL_EXTI_GetHandle
 .text.HAL_EXTI_IRQHandler
                0x0800162c       0x90 ./Drivers/STM32U5xx_HAL_Driver/Src/stm32u5xx_hal_exti.o
                0x0800162c                HAL_EXTI_IRQHandler
 .text.HAL_GPIO_Init
                0x080016bc      0x3b0 ./Drivers/STM32U5xx_HAL_Driver/Src/stm32u5xx_hal_gpio.o
                0x080016bc                HAL_GPIO_Init
 .text.HAL_ICACHE_ConfigAssociativityMode
                0x08001a6c       0x40 ./Drivers/STM32U5xx_HAL_Driver/Src/stm32u5xx_hal_icache.o
                0x08001a6c                HAL_ICACHE_ConfigAssociativityMode
 .text.HAL_ICACHE_Enable
                0x08001aac       0x20 ./Drivers/STM32U5xx_HAL_Driver/Src/stm32u5xx_hal_icache.o
                0x08001aac                HAL_ICACHE_Enable
 .text.HAL_PWREx_ControlVoltageScaling
                0x08001acc       0xfc ./Drivers/STM32U5xx_HAL_Driver/Src/stm32u5xx_hal_pwr_ex.o
                0x08001acc                HAL_PWREx_ControlVoltageScaling
 .text.HAL_PWREx_GetVoltageRange
                0x08001bc8       0x1c ./Drivers/STM32U5xx_HAL_Driver/Src/stm32u5xx_hal_pwr_ex.o
                0x08001bc8                HAL_PWREx_GetVoltageRange
 .text.HAL_PWREx_ConfigSupply
                0x08001be4       0xa0 ./Drivers/STM32U5xx_HAL_Driver/Src/stm32u5xx_hal_pwr_ex.o
                0x08001be4                HAL_PWREx_ConfigSupply
 .text.HAL_RCC_OscConfig
                0x08001c84      0xdb8 ./Drivers/STM32U5xx_HAL_Driver/Src/stm32u5xx_hal_rcc.o
                0x08001c84                HAL_RCC_OscConfig
 .text.HAL_RCC_ClockConfig
                0x08002a3c      0x3e4 ./Drivers/STM32U5xx_HAL_Driver/Src/stm32u5xx_hal_rcc.o
                0x08002a3c                HAL_RCC_ClockConfig
 .text.HAL_RCC_GetSysClockFreq
                0x08002e20      0x204 ./Drivers/STM32U5xx_HAL_Driver/Src/stm32u5xx_hal_rcc.o
                0x08002e20                HAL_RCC_GetSysClockFreq
 .text.HAL_RCC_GetHCLKFreq
                0x08003024       0x34 ./Drivers/STM32U5xx_HAL_Driver/Src/stm32u5xx_hal_rcc.o
                0x08003024                HAL_RCC_GetHCLKFreq
 .text.HAL_RCC_GetPCLK1Freq
                0x08003058       0x28 ./Drivers/STM32U5xx_HAL_Driver/Src/stm32u5xx_hal_rcc.o
                0x08003058                HAL_RCC_GetPCLK1Freq
 .text.HAL_RCC_GetPCLK2Freq
                0x08003080       0x28 ./Drivers/STM32U5xx_HAL_Driver/Src/stm32u5xx_hal_rcc.o
                0x08003080                HAL_RCC_GetPCLK2Freq
 .text.HAL_RCC_GetPCLK3Freq
                0x080030a8       0x28 ./Drivers/STM32U5xx_HAL_Driver/Src/stm32u5xx_hal_rcc.o
                0x080030a8                HAL_RCC_GetPCLK3Freq
 .text.RCC_SetFlashLatencyFromMSIRange
                0x080030d0      0x10c ./Drivers/STM32U5xx_HAL_Driver/Src/stm32u5xx_hal_rcc.o
 .text.HAL_RCCEx_GetPLL1ClockFreq
                0x080031dc      0x2b4 ./Drivers/STM32U5xx_HAL_Driver/Src/stm32u5xx_hal_rcc_ex.o
                0x080031dc                HAL_RCCEx_GetPLL1ClockFreq
 .text.HAL_RCCEx_GetPLL2ClockFreq
                0x08003490      0x2b4 ./Drivers/STM32U5xx_HAL_Driver/Src/stm32u5xx_hal_rcc_ex.o
                0x08003490                HAL_RCCEx_GetPLL2ClockFreq
 .text.HAL_RCCEx_GetPLL3ClockFreq
                0x08003744      0x2b4 ./Drivers/STM32U5xx_HAL_Driver/Src/stm32u5xx_hal_rcc_ex.o
                0x08003744                HAL_RCCEx_GetPLL3ClockFreq
 .text.HAL_RCCEx_GetPeriphCLKFreq
                0x080039f8     0x1284 ./Drivers/STM32U5xx_HAL_Driver/Src/stm32u5xx_hal_rcc_ex.o
                0x080039f8                HAL_RCCEx_GetPeriphCLKFreq
 .text.HAL_TIM_Base_Init
                0x08004c7c       0xae ./Drivers/STM32U5xx_HAL_Driver/Src/stm32u5xx_hal_tim.o
                0x08004c7c                HAL_TIM_Base_Init
 .text.HAL_TIM_OC_Init
                0x08004d2a       0xae ./Drivers/STM32U5xx_HAL_Driver/Src/stm32u5xx_hal_tim.o
                0x08004d2a                HAL_TIM_OC_Init
 .text.HAL_TIM_OC_MspInit
                0x08004dd8       0x14 ./Drivers/STM32U5xx_HAL_Driver/Src/stm32u5xx_hal_tim.o
                0x08004dd8                HAL_TIM_OC_MspInit
 .text.HAL_TIM_OC_Start
                0x08004dec      0x2a4 ./Drivers/STM32U5xx_HAL_Driver/Src/stm32u5xx_hal_tim.o
                0x08004dec                HAL_TIM_OC_Start
 .text.HAL_TIM_OC_ConfigChannel
                0x08005090       0xf4 ./Drivers/STM32U5xx_HAL_Driver/Src/stm32u5xx_hal_tim.o
                0x08005090                HAL_TIM_OC_ConfigChannel
 .text.HAL_TIM_ConfigClockSource
                0x08005184      0x204 ./Drivers/STM32U5xx_HAL_Driver/Src/stm32u5xx_hal_tim.o
                0x08005184                HAL_TIM_ConfigClockSource
 .text.TIM_Base_SetConfig
                0x08005388      0x200 ./Drivers/STM32U5xx_HAL_Driver/Src/stm32u5xx_hal_tim.o
                0x08005388                TIM_Base_SetConfig
 .text.TIM_OC1_SetConfig
                0x08005588      0x184 ./Drivers/STM32U5xx_HAL_Driver/Src/stm32u5xx_hal_tim.o
 .text.TIM_OC2_SetConfig
                0x0800570c      0x160 ./Drivers/STM32U5xx_HAL_Driver/Src/stm32u5xx_hal_tim.o
                0x0800570c                TIM_OC2_SetConfig
 .text.TIM_OC3_SetConfig
                0x0800586c      0x15c ./Drivers/STM32U5xx_HAL_Driver/Src/stm32u5xx_hal_tim.o
 .text.TIM_OC4_SetConfig
                0x080059c8      0x160 ./Drivers/STM32U5xx_HAL_Driver/Src/stm32u5xx_hal_tim.o
 .text.TIM_OC5_SetConfig
                0x08005b28      0x104 ./Drivers/STM32U5xx_HAL_Driver/Src/stm32u5xx_hal_tim.o
 .text.TIM_OC6_SetConfig
                0x08005c2c      0x108 ./Drivers/STM32U5xx_HAL_Driver/Src/stm32u5xx_hal_tim.o
 .text.TIM_TI1_ConfigInputStage
                0x08005d34       0x5e ./Drivers/STM32U5xx_HAL_Driver/Src/stm32u5xx_hal_tim.o
 .text.TIM_TI2_ConfigInputStage
                0x08005d92       0x60 ./Drivers/STM32U5xx_HAL_Driver/Src/stm32u5xx_hal_tim.o
 .text.TIM_ITRx_SetConfig
                0x08005df2       0x3a ./Drivers/STM32U5xx_HAL_Driver/Src/stm32u5xx_hal_tim.o
 .text.TIM_ETR_SetConfig
                0x08005e2c       0x40 ./Drivers/STM32U5xx_HAL_Driver/Src/stm32u5xx_hal_tim.o
                0x08005e2c                TIM_ETR_SetConfig
 .text.TIM_CCxChannelCmd
                0x08005e6c       0x4a ./Drivers/STM32U5xx_HAL_Driver/Src/stm32u5xx_hal_tim.o
                0x08005e6c                TIM_CCxChannelCmd
 *fill*         0x08005eb6        0x2 
 .text.HAL_TIMEx_MasterConfigSynchronization
                0x08005eb8      0x184 ./Drivers/STM32U5xx_HAL_Driver/Src/stm32u5xx_hal_tim_ex.o
                0x08005eb8                HAL_TIMEx_MasterConfigSynchronization
 .text.HAL_UART_Init
                0x0800603c       0xa0 ./Drivers/STM32U5xx_HAL_Driver/Src/stm32u5xx_hal_uart.o
                0x0800603c                HAL_UART_Init
 .text.HAL_UART_MspInit
                0x080060dc       0x14 ./Drivers/STM32U5xx_HAL_Driver/Src/stm32u5xx_hal_uart.o
                0x080060dc                HAL_UART_MspInit
 .text.UART_SetConfig
                0x080060f0      0x330 ./Drivers/STM32U5xx_HAL_Driver/Src/stm32u5xx_hal_uart.o
                0x080060f0                UART_SetConfig
 .text.UART_AdvFeatureConfig
                0x08006420      0x144 ./Drivers/STM32U5xx_HAL_Driver/Src/stm32u5xx_hal_uart.o
                0x08006420                UART_AdvFeatureConfig
 .text.UART_CheckIdleState
                0x08006564      0x154 ./Drivers/STM32U5xx_HAL_Driver/Src/stm32u5xx_hal_uart.o
                0x08006564                UART_CheckIdleState
 .text.UART_WaitOnFlagUntilTimeout
                0x080066b8       0xda ./Drivers/STM32U5xx_HAL_Driver/Src/stm32u5xx_hal_uart.o
                0x080066b8                UART_WaitOnFlagUntilTimeout
 .text.UART_EndRxTransfer
                0x08006792       0xcc ./Drivers/STM32U5xx_HAL_Driver/Src/stm32u5xx_hal_uart.o
 *fill*         0x0800685e        0x2 
 .text.MX_GPDMA1_Init
                0x08006860       0xb4 ./Src/gpdma.o
                0x08006860                MX_GPDMA1_Init
 .text.MX_GPIO_Init
                0x08006914       0x34 ./Src/gpio.o
                0x08006914                MX_GPIO_Init
 .text.MX_ICACHE_Init
                0x08006948       0x26 ./Src/icache.o
                0x08006948                MX_ICACHE_Init
 *fill*         0x0800696e        0x2 
 .text.main     0x08006970       0x98 ./Src/main.o
                0x08006970                main
 .text.SystemClock_Config
                0x08006a08       0xba ./Src/main.o
                0x08006a08                SystemClock_Config
 .text.SystemPower_Config
                0x08006ac2       0x18 ./Src/main.o
 .text.Error_Handler
                0x08006ada        0xc ./Src/main.o
                0x08006ada                Error_Handler
 *fill*         0x08006ae6        0x2 
 .text.HAL_MspInit
                0x08006ae8       0x34 ./Src/stm32u5xx_hal_msp.o
                0x08006ae8                HAL_MspInit
 .text.NMI_Handler
                0x08006b1c        0x8 ./Src/stm32u5xx_it.o
                0x08006b1c                NMI_Handler
 .text.HardFault_Handler
                0x08006b24        0x8 ./Src/stm32u5xx_it.o
                0x08006b24                HardFault_Handler
 .text.MemManage_Handler
                0x08006b2c        0x8 ./Src/stm32u5xx_it.o
                0x08006b2c                MemManage_Handler
 .text.BusFault_Handler
                0x08006b34        0x8 ./Src/stm32u5xx_it.o
                0x08006b34                BusFault_Handler
 .text.UsageFault_Handler
                0x08006b3c        0x8 ./Src/stm32u5xx_it.o
                0x08006b3c                UsageFault_Handler
 .text.SVC_Handler
                0x08006b44        0xe ./Src/stm32u5xx_it.o
                0x08006b44                SVC_Handler
 .text.DebugMon_Handler
                0x08006b52        0xe ./Src/stm32u5xx_it.o
                0x08006b52                DebugMon_Handler
 .text.PendSV_Handler
                0x08006b60        0xe ./Src/stm32u5xx_it.o
                0x08006b60                PendSV_Handler
 .text.SysTick_Handler
                0x08006b6e        0xc ./Src/stm32u5xx_it.o
                0x08006b6e                SysTick_Handler
 .text.EXTI13_IRQHandler
                0x08006b7a        0xe ./Src/stm32u5xx_it.o
                0x08006b7a                EXTI13_IRQHandler
 .text.SystemInit
                0x08006b88       0x70 ./Src/system_stm32u5xx.o
                0x08006b88                SystemInit
 .text.MX_TIM3_Init
                0x08006bf8       0xf0 ./Src/tim.o
                0x08006bf8                MX_TIM3_Init
 .text.HAL_TIM_Base_MspInit
                0x08006ce8       0x44 ./Src/tim.o
                0x08006ce8                HAL_TIM_Base_MspInit
 .text.HAL_TIM_MspPostInit
                0x08006d2c       0x74 ./Src/tim.o
                0x08006d2c                HAL_TIM_MspPostInit
 .text.vid_init
                0x08006da0       0x3a ./Src/vid.o
                0x08006da0                vid_init
 *fill*         0x08006dda        0x2 
 .text.Reset_Handler
                0x08006ddc       0x50 ./Startup/startup_stm32u545retxq.o
                0x08006ddc                Reset_Handler
 .text.Default_Handler
                0x08006e2c        0x2 ./Startup/startup_stm32u545retxq.o
                0x08006e2c                EXTI2_IRQHandler
                0x08006e2c                TIM8_TRG_COM_IRQHandler
                0x08006e2c                TIM8_CC_IRQHandler
                0x08006e2c                EXTI5_IRQHandler
                0x08006e2c                FLASH_S_IRQHandler
                0x08006e2c                TIM1_CC_IRQHandler
                0x08006e2c                TSC_IRQHandler
                0x08006e2c                TAMP_IRQHandler
                0x08006e2c                TIM6_IRQHandler
                0x08006e2c                EXTI12_IRQHandler
                0x08006e2c                CORDIC_IRQHandler
                0x08006e2c                EXTI3_IRQHandler
                0x08006e2c                LPTIM4_IRQHandler
                0x08006e2c                GPDMA1_Channel5_IRQHandler
                0x08006e2c                EXTI8_IRQHandler
                0x08006e2c                LPTIM2_IRQHandler
                0x08006e2c                I2C3_ER_IRQHandler
                0x08006e2c                PWR_S3WU_IRQHandler
                0x08006e2c                LPDMA1_Channel3_IRQHandler
                0x08006e2c                LPTIM3_IRQHandler
                0x08006e2c                EXTI0_IRQHandler
                0x08006e2c                I2C2_EV_IRQHandler
                0x08006e2c                FPU_IRQHandler
                0x08006e2c                GPDMA1_Channel3_IRQHandler
                0x08006e2c                GPDMA1_Channel7_IRQHandler
                0x08006e2c                FDCAN1_IT1_IRQHandler
                0x08006e2c                RAMCFG_IRQHandler
                0x08006e2c                GPDMA1_Channel9_IRQHandler
                0x08006e2c                DCACHE1_IRQHandler
                0x08006e2c                SPI1_IRQHandler
                0x08006e2c                OCTOSPI1_IRQHandler
                0x08006e2c                GPDMA1_Channel2_IRQHandler
                0x08006e2c                TIM8_UP_IRQHandler
                0x08006e2c                RCC_S_IRQHandler
                0x08006e2c                MDF1_FLT1_IRQHandler
                0x08006e2c                ADC1_IRQHandler
                0x08006e2c                PKA_IRQHandler
                0x08006e2c                EXTI15_IRQHandler
                0x08006e2c                TIM17_IRQHandler
                0x08006e2c                USART3_IRQHandler
                0x08006e2c                RTC_IRQHandler
                0x08006e2c                EXTI9_IRQHandler
                0x08006e2c                UART5_IRQHandler
                0x08006e2c                TIM4_IRQHandler
                0x08006e2c                I2C1_EV_IRQHandler
                0x08006e2c                GPDMA1_Channel12_IRQHandler
                0x08006e2c                GPDMA1_Channel1_IRQHandler
                0x08006e2c                TIM16_IRQHandler
                0x08006e2c                GPDMA1_Channel15_IRQHandler
                0x08006e2c                UART4_IRQHandler
                0x08006e2c                SecureFault_Handler
                0x08006e2c                TIM3_IRQHandler
                0x08006e2c                RCC_IRQHandler
                0x08006e2c                TIM1_TRG_COM_IRQHandler
                0x08006e2c                Default_Handler
                0x08006e2c                GPDMA1_Channel8_IRQHandler
                0x08006e2c                FMAC_IRQHandler
                0x08006e2c                OTFDEC1_IRQHandler
                0x08006e2c                GPDMA1_Channel11_IRQHandler
                0x08006e2c                TIM7_IRQHandler
                0x08006e2c                SDMMC1_IRQHandler
                0x08006e2c                SAES_IRQHandler
                0x08006e2c                TIM5_IRQHandler
                0x08006e2c                GPDMA1_Channel0_IRQHandler
                0x08006e2c                TIM15_IRQHandler
                0x08006e2c                I2C3_EV_IRQHandler
                0x08006e2c                USB_IRQHandler
                0x08006e2c                LPDMA1_Channel0_IRQHandler
                0x08006e2c                PVD_PVM_IRQHandler
                0x08006e2c                SPI2_IRQHandler
                0x08006e2c                LPDMA1_Channel1_IRQHandler
                0x08006e2c                EXTI14_IRQHandler
                0x08006e2c                EXTI11_IRQHandler
                0x08006e2c                CRS_IRQHandler
                0x08006e2c                GPDMA1_Channel14_IRQHandler
                0x08006e2c                LSECSSD_IRQHandler
                0x08006e2c                EXTI4_IRQHandler
                0x08006e2c                RTC_S_IRQHandler
                0x08006e2c                GPDMA1_Channel13_IRQHandler
                0x08006e2c                RNG_IRQHandler
                0x08006e2c                COMP_IRQHandler
                0x08006e2c                TIM1_UP_IRQHandler
                0x08006e2c                ADC4_IRQHandler
                0x08006e2c                WWDG_IRQHandler
                0x08006e2c                I2C4_EV_IRQHandler
                0x08006e2c                ADF1_IRQHandler
                0x08006e2c                IWDG_IRQHandler
                0x08006e2c                LPUART1_IRQHandler
                0x08006e2c                MDF1_FLT0_IRQHandler
                0x08006e2c                FDCAN1_IT0_IRQHandler
                0x08006e2c                TIM2_IRQHandler
                0x08006e2c                GPDMA1_Channel4_IRQHandler
                0x08006e2c                EXTI7_IRQHandler
                0x08006e2c                TIM1_BRK_IRQHandler
                0x08006e2c                EXTI1_IRQHandler
                0x08006e2c                AES_IRQHandler
                0x08006e2c                DAC1_IRQHandler
                0x08006e2c                GTZC_IRQHandler
                0x08006e2c                GPDMA1_Channel6_IRQHandler
                0x08006e2c                I2C2_ER_IRQHandler
                0x08006e2c                TIM8_BRK_IRQHandler
                0x08006e2c                FLASH_IRQHandler
                0x08006e2c                USART1_IRQHandler
                0x08006e2c                EXTI10_IRQHandler
                0x08006e2c                SPI3_IRQHandler
                0x08006e2c                LPDMA1_Channel2_IRQHandler
                0x08006e2c                I2C1_ER_IRQHandler
                0x08006e2c                EXTI6_IRQHandler
                0x08006e2c                LPTIM1_IRQHandler
                0x08006e2c                DCMI_PSSI_IRQHandler
                0x08006e2c                I2C4_ER_IRQHandler
                0x08006e2c                GPDMA1_Channel10_IRQHandler
                0x08006e2c                ICACHE_IRQHandler
                0x08006e2c                SAI1_IRQHandler
                0x08006e2c                HASH_IRQHandler
 .text.memset   0x08006e2e       0x10 /opt/st/stm32cubeide_2.0.0/plugins/com.st.stm32cube.ide.mcu.externaltools.gnu-tools-for-stm32.13.3.rel1.linux64_1.0.100.202509120712/tools/bin/../lib/gcc/arm-none-eabi/13.3.1/../../../../arm-none-eabi/lib/thumb/v8-m.main+fp/hard/libc_nano.a(libc_a-memset.o)
                0x08006e2e                memset
 *fill*         0x08006e3e        0x2 
 .text.__libc_init_array
                0x08006e40       0x48 /opt/st/stm32cubeide_2.0.0/plugins/com.st.stm32cube.ide.mcu.externaltools.gnu-tools-for-stm32.13.3.rel1.linux64_1.0.100.202509120712/tools/bin/../lib/gcc/arm-none-eabi/13.3.1/../../../../arm-none-eabi/lib/thumb/v8-m.main+fp/hard/libc_nano.a(libc_a-init.o)
                0x08006e40                __libc_init_array
 *(.glue_7)
 .glue_7        0x08006e88        0x0 linker stubs
 *(.glue_7t)
 .glue_7t       0x08006e88        0x0 linker stubs
 *(.eh_frame)
 .eh_frame      0x08006e88        0x0 /opt/st/stm32cubeide_2.0.0/plugins/com.st.stm32cube.ide.mcu.externaltools.gnu-tools-for-stm32.13.3.rel1.linux64_1.0.100.202509120712/tools/bin/../lib/gcc/arm-none-eabi/13.3.1/thumb/v8-m.main+fp/hard/crtbegin.o
 *(.init)
 .init          0x08006e88        0x4 /opt/st/stm32cubeide_2.0.0/plugins/com.st.stm32cube.ide.mcu.externaltools.gnu-tools-for-stm32.13.3.rel1.linux64_1.0.100.202509120712/tools/bin/../lib/gcc/arm-none-eabi/13.3.1/thumb/v8-m.main+fp/hard/crti.o
                0x08006e88                _init
 .init          0x08006e8c        0x8 /opt/st/stm32cubeide_2.0.0/plugins/com.st.stm32cube.ide.mcu.externaltools.gnu-tools-for-stm32.13.3.rel1.linux64_1.0.100.202509120712/tools/bin/../lib/gcc/arm-none-eabi/13.3.1/thumb/v8-m.main+fp/hard/crtn.o
 *(.fini)
 .fini          0x08006e94        0x4 /opt/st/stm32cubeide_2.0.0/plugins/com.st.stm32cube.ide.mcu.externaltools.gnu-tools-for-stm32.13.3.rel1.linux64_1.0.100.202509120712/tools/bin/../lib/gcc/arm-none-eabi/13.3.1/thumb/v8-m.main+fp/hard/crti.o
                0x08006e94                _fini
 .fini          0x08006e98        0x8 /opt/st/stm32cubeide_2.0.0/plugins/com.st.stm32cube.ide.mcu.externaltools.gnu-tools-for-stm32.13.3.rel1.linux64_1.0.100.202509120712/tools/bin/../lib/gcc/arm-none-eabi/13.3.1/thumb/v8-m.main+fp/hard/crtn.o
                0x08006ea0                        _etext = .

.vfp11_veneer   0x08006ea0        0x0
 .vfp11_veneer  0x08006ea0        0x0 linker stubs

.v4_bx          0x08006ea0        0x0
 .v4_bx         0x08006ea0        0x0 linker stubs

.iplt           0x08006ea0        0x0
 .iplt          0x08006ea0        0x0 /opt/st/stm32cubeide_2.0.0/plugins/com.st.stm32cube.ide.mcu.externaltools.gnu-tools-for-stm32.13.3.rel1.linux64_1.0.100.202509120712/tools/bin/../lib/gcc/arm-none-eabi/13.3.1/thumb/v8-m.main+fp/hard/crtbegin.o

.rodata         0x08006ea0       0xf4
 *(.rodata)
 *(.rodata*)
 .rodata.BUTTON_EXTI_LINE.2
                0x08006ea0        0x4 ./Drivers/BSP/STM32U5xx_Nucleo/stm32u5xx_nucleo.o
 .rodata.LPGPIO_Map
                0x08006ea4       0x80 ./Drivers/STM32U5xx_HAL_Driver/Src/stm32u5xx_hal_gpio.o
 .rodata.UARTPrescTable
                0x08006f24       0x18 ./Drivers/STM32U5xx_HAL_Driver/Src/stm32u5xx_hal_uart.o
                0x08006f24                UARTPrescTable
 .rodata.AHBPrescTable
                0x08006f3c       0x10 ./Src/system_stm32u5xx.o
                0x08006f3c                AHBPrescTable
 .rodata.APBPrescTable
                0x08006f4c        0x8 ./Src/system_stm32u5xx.o
                0x08006f4c                APBPrescTable
 .rodata.MSIRangeTable
                0x08006f54       0x40 ./Src/system_stm32u5xx.o
                0x08006f54                MSIRangeTable

.ARM.extab
 *(.ARM.extab* .gnu.linkonce.armextab.*)

.ARM            0x08006f94        0x8
                0x08006f94                        __exidx_start = .
 *(.ARM.exidx*)
 .ARM.exidx     0x08006f94        0x8 /opt/st/stm32cubeide_2.0.0/plugins/com.st.stm32cube.ide.mcu.externaltools.gnu-tools-for-stm32.13.3.rel1.linux64_1.0.100.202509120712/tools/bin/../lib/gcc/arm-none-eabi/13.3.1/thumb/v8-m.main+fp/hard/libgcc.a(_udivmoddi4.o)
                0x08006f9c                        __exidx_end = .

.preinit_array  0x08006f9c        0x0
                0x08006f9c                        PROVIDE (__preinit_array_start = .)
 *(.preinit_array*)
                0x08006f9c                        PROVIDE (__preinit_array_end = .)

.init_array     0x08006f9c        0x4
                0x08006f9c                        PROVIDE (__init_array_start = .)
 *(SORT_BY_NAME(.init_array.*))
 *(.init_array*)
 .init_array    0x08006f9c        0x4 /opt/st/stm32cubeide_2.0.0/plugins/com.st.stm32cube.ide.mcu.externaltools.gnu-tools-for-stm32.13.3.rel1.linux64_1.0.100.202509120712/tools/bin/../lib/gcc/arm-none-eabi/13.3.1/thumb/v8-m.main+fp/hard/crtbegin.o
                0x08006fa0                        PROVIDE (__init_array_end = .)

.fini_array     0x08006fa0        0x4
                [!provide]                        PROVIDE (__fini_array_start = .)
 *(SORT_BY_NAME(.fini_array.*))
 *(.fini_array*)
 .fini_array    0x08006fa0        0x4 /opt/st/stm32cubeide_2.0.0/plugins/com.st.stm32cube.ide.mcu.externaltools.gnu-tools-for-stm32.13.3.rel1.linux64_1.0.100.202509120712/tools/bin/../lib/gcc/arm-none-eabi/13.3.1/thumb/v8-m.main+fp/hard/crtbegin.o
                [!provide]                        PROVIDE (__fini_array_end = .)
                0x08006fa4                        _sidata = LOADADDR (.data)

.rel.dyn        0x08006fa4        0x0
 .rel.iplt      0x08006fa4        0x0 /opt/st/stm32cubeide_2.0.0/plugins/com.st.stm32cube.ide.mcu.externaltools.gnu-tools-for-stm32.13.3.rel1.linux64_1.0.100.202509120712/tools/bin/../lib/gcc/arm-none-eabi/13.3.1/thumb/v8-m.main+fp/hard/crtbegin.o

.data           0x20000000       0x20 load address 0x08006fa4
                0x20000000                        _sdata = .
 *(.data)
 *(.data*)
 .data.COM_USART
                0x20000000        0x4 ./Drivers/BSP/STM32U5xx_Nucleo/stm32u5xx_nucleo.o
                0x20000000                COM_USART
 .data.LED_PORT
                0x20000004        0x4 ./Drivers/BSP/STM32U5xx_Nucleo/stm32u5xx_nucleo.o
 .data.BUTTON_PORT
                0x20000008        0x4 ./Drivers/BSP/STM32U5xx_Nucleo/stm32u5xx_nucleo.o
 .data.ButtonCallback.1
                0x2000000c        0x4 ./Drivers/BSP/STM32U5xx_Nucleo/stm32u5xx_nucleo.o
 .data.BSP_BUTTON_PRIO.0
                0x20000010        0x4 ./Drivers/BSP/STM32U5xx_Nucleo/stm32u5xx_nucleo.o
 .data.uwTickPrio
                0x20000014        0x4 ./Drivers/STM32U5xx_HAL_Driver/Src/stm32u5xx_hal.o
                0x20000014                uwTickPrio
 .data.uwTickFreq
                0x20000018        0x1 ./Drivers/STM32U5xx_HAL_Driver/Src/stm32u5xx_hal.o
                0x20000018                uwTickFreq
 *fill*         0x20000019        0x3 
 .data.SystemCoreClock
                0x2000001c        0x4 ./Src/system_stm32u5xx.o
                0x2000001c                SystemCoreClock
 *(.RamFunc)
 *(.RamFunc*)
                0x20000020                        _edata = .

.igot.plt       0x20000020        0x0 load address 0x08006fc4
 .igot.plt      0x20000020        0x0 /opt/st/stm32cubeide_2.0.0/plugins/com.st.stm32cube.ide.mcu.externaltools.gnu-tools-for-stm32.13.3.rel1.linux64_1.0.100.202509120712/tools/bin/../lib/gcc/arm-none-eabi/13.3.1/thumb/v8-m.main+fp/hard/crtbegin.o

.bss            0x20000020      0x1a8 load address 0x08006fc4
                0x20000020                        _sbss = .
                0x20000020                        __bss_start__ = _sbss
 *(.bss)
 .bss           0x20000020       0x1c /opt/st/stm32cubeide_2.0.0/plugins/com.st.stm32cube.ide.mcu.externaltools.gnu-tools-for-stm32.13.3.rel1.linux64_1.0.100.202509120712/tools/bin/../lib/gcc/arm-none-eabi/13.3.1/thumb/v8-m.main+fp/hard/crtbegin.o
 *(.bss*)
 .bss.hpb_exti  0x2000003c        0xc ./Drivers/BSP/STM32U5xx_Nucleo/stm32u5xx_nucleo.o
                0x2000003c                hpb_exti
 .bss.hcom_uart
                0x20000048       0x94 ./Drivers/BSP/STM32U5xx_Nucleo/stm32u5xx_nucleo.o
                0x20000048                hcom_uart
 .bss.uwTick    0x200000dc        0x4 ./Drivers/STM32U5xx_HAL_Driver/Src/stm32u5xx_hal.o
                0x200000dc                uwTick
 .bss.handle_GPDMA1_Channel0
                0x200000e0       0x78 ./Src/gpdma.o
                0x200000e0                handle_GPDMA1_Channel0
 .bss.BspCOMInit
                0x20000158       0x10 ./Src/main.o
                0x20000158                BspCOMInit
 .bss.video     0x20000168       0x14 ./Src/main.o
                0x20000168                video
 .bss.htim3     0x2000017c       0x4c ./Src/tim.o
                0x2000017c                htim3
 *(COMMON)
                0x200001c8                        _ebss = .
                0x200001c8                        __bss_end__ = _ebss

._user_heap_stack
                0x200001c8      0x600 load address 0x08006fc4
                0x200001c8                        . = ALIGN (0x8)
                [!provide]                        PROVIDE (end = .)
                0x200001c8                        PROVIDE (_end = .)
                0x200003c8                        . = (. + _Min_Heap_Size)
 *fill*         0x200001c8      0x200 
                0x200007c8                        . = (. + _Min_Stack_Size)
 *fill*         0x200003c8      0x400 
                0x200007c8                        . = ALIGN (0x8)

/DISCARD/
 libc.a(*)
 libm.a(*)
 libgcc.a(*)

.ARM.attributes
                0x00000000       0x36
 *(.ARM.attributes)
 .ARM.attributes
                0x00000000       0x26 /opt/st/stm32cubeide_2.0.0/plugins/com.st.stm32cube.ide.mcu.externaltools.gnu-tools-for-stm32.13.3.rel1.linux64_1.0.100.202509120712/tools/bin/../lib/gcc/arm-none-eabi/13.3.1/thumb/v8-m.main+fp/hard/crti.o
 .ARM.attributes
                0x00000026       0x38 /opt/st/stm32cubeide_2.0.0/plugins/com.st.stm32cube.ide.mcu.externaltools.gnu-tools-for-stm32.13.3.rel1.linux64_1.0.100.202509120712/tools/bin/../lib/gcc/arm-none-eabi/13.3.1/thumb/v8-m.main+fp/hard/crtbegin.o
 .ARM.attributes
                0x0000005e       0x3a ./Drivers/BSP/STM32U5xx_Nucleo/stm32u5xx_nucleo.o
 .ARM.attributes
                0x00000098       0x3a ./Drivers/STM32U5xx_HAL_Driver/Src/stm32u5xx_hal.o
 .ARM.attributes
                0x000000d2       0x3a ./Drivers/STM32U5xx_HAL_Driver/Src/stm32u5xx_hal_cortex.o
 .ARM.attributes
                0x0000010c       0x3a ./Drivers/STM32U5xx_HAL_Driver/Src/stm32u5xx_hal_dma.o
 .ARM.attributes
                0x00000146       0x3a ./Drivers/STM32U5xx_HAL_Driver/Src/stm32u5xx_hal_exti.o
 .ARM.attributes
                0x00000180       0x3a ./Drivers/STM32U5xx_HAL_Driver/Src/stm32u5xx_hal_gpio.o
 .ARM.attributes
                0x000001ba       0x3a ./Drivers/STM32U5xx_HAL_Driver/Src/stm32u5xx_hal_icache.o
 .ARM.attributes
                0x000001f4       0x3a ./Drivers/STM32U5xx_HAL_Driver/Src/stm32u5xx_hal_pwr_ex.o
 .ARM.attributes
                0x0000022e       0x3a ./Drivers/STM32U5xx_HAL_Driver/Src/stm32u5xx_hal_rcc.o
 .ARM.attributes
                0x00000268       0x3a ./Drivers/STM32U5xx_HAL_Driver/Src/stm32u5xx_hal_rcc_ex.o
 .ARM.attributes
                0x000002a2       0x3a ./Drivers/STM32U5xx_HAL_Driver/Src/stm32u5xx_hal_tim.o
 .ARM.attributes
                0x000002dc       0x3a ./Drivers/STM32U5xx_HAL_Driver/Src/stm32u5xx_hal_tim_ex.o
 .ARM.attributes
                0x00000316       0x3a ./Drivers/STM32U5xx_HAL_Driver/Src/stm32u5xx_hal_uart.o
 .ARM.attributes
                0x00000350       0x3a ./Src/gpdma.o
 .ARM.attributes
                0x0000038a       0x3a ./Src/gpio.o
 .ARM.attributes
                0x000003c4       0x3a ./Src/icache.o
 .ARM.attributes
                0x000003fe       0x3a ./Src/main.o
 .ARM.attributes
                0x00000438       0x3a ./Src/stm32u5xx_hal_msp.o
 .ARM.attributes
                0x00000472       0x3a ./Src/stm32u5xx_it.o
 .ARM.attributes
                0x000004ac       0x3a ./Src/system_stm32u5xx.o
 .ARM.attributes
                0x000004e6       0x3a ./Src/tim.o
 .ARM.attributes
                0x00000520       0x3a ./Src/vid.o
 .ARM.attributes
                0x0000055a       0x24 ./Startup/startup_stm32u545retxq.o
 .ARM.attributes
                0x0000057e       0x38 /opt/st/stm32cubeide_2.0.0/plugins/com.st.stm32cube.ide.mcu.externaltools.gnu-tools-for-stm32.13.3.rel1.linux64_1.0.100.202509120712/tools/bin/../lib/gcc/arm-none-eabi/13.3.1/../../../../arm-none-eabi/lib/thumb/v8-m.main+fp/hard/libc_nano.a(libc_a-memset.o)
 .ARM.attributes
                0x000005b6       0x38 /opt/st/stm32cubeide_2.0.0/plugins/com.st.stm32cube.ide.mcu.externaltools.gnu-tools-for-stm32.13.3.rel1.linux64_1.0.100.202509120712/tools/bin/../lib/gcc/arm-none-eabi/13.3.1/../../../../arm-none-eabi/lib/thumb/v8-m.main+fp/hard/libc_nano.a(libc_a-init.o)
 .ARM.attributes
                0x000005ee       0x26 /opt/st/stm32cubeide_2.0.0/plugins/com.st.stm32cube.ide.mcu.externaltools.gnu-tools-for-stm32.13.3.rel1.linux64_1.0.100.202509120712/tools/bin/../lib/gcc/arm-none-eabi/13.3.1/thumb/v8-m.main+fp/hard/libgcc.a(_aeabi_uldivmod.o)
 .ARM.attributes
                0x00000614       0x38 /opt/st/stm32cubeide_2.0.0/plugins/com.st.stm32cube.ide.mcu.externaltools.gnu-tools-for-stm32.13.3.rel1.linux64_1.0.100.202509120712/tools/bin/../lib/gcc/arm-none-eabi/13.3.1/thumb/v8-m.main+fp/hard/libgcc.a(_udivmoddi4.o)
 .ARM.attributes
                0x0000064c       0x26 /opt/st/stm32cubeide_2.0.0/plugins/com.st.stm32cube.ide.mcu.externaltools.gnu-tools-for-stm32.13.3.rel1.linux64_1.0.100.202509120712/tools/bin/../lib/gcc/arm-none-eabi/13.3.1/thumb/v8-m.main+fp/hard/libgcc.a(_dvmd_tls.o)
 .ARM.attributes
                0x00000672       0x26 /opt/st/stm32cubeide_2.0.0/plugins/com.st.stm32cube.ide.mcu.externaltools.gnu-tools-for-stm32.13.3.rel1.linux64_1.0.100.202509120712/tools/bin/../lib/gcc/arm-none-eabi/13.3.1/thumb/v8-m.main+fp/hard/crtn.o
OUTPUT(sync-firmware.elf elf32-littlearm)
LOAD linker stubs
LOAD /opt/st/stm32cubeide_2.0.0/plugins/com.st.stm32cube.ide.mcu.externaltools.gnu-tools-for-stm32.13.3.rel1.linux64_1.0.100.202509120712/tools/bin/../lib/gcc/arm-none-eabi/13.3.1/../../../../arm-none-eabi/lib/thumb/v8-m.main+fp/hard/libc.a
LOAD /opt/st/stm32cubeide_2.0.0/plugins/com.st.stm32cube.ide.mcu.externaltools.gnu-tools-for-stm32.13.3.rel1.linux64_1.0.100.202509120712/tools/bin/../lib/gcc/arm-none-eabi/13.3.1/../../../../arm-none-eabi/lib/thumb/v8-m.main+fp/hard/libm.a
LOAD /opt/st/stm32cubeide_2.0.0/plugins/com.st.stm32cube.ide.mcu.externaltools.gnu-tools-for-stm32.13.3.rel1.linux64_1.0.100.202509120712/tools/bin/../lib/gcc/arm-none-eabi/13.3.1/thumb/v8-m.main+fp/hard/libgcc.a

.debug_info     0x00000000    0x16688
 .debug_info    0x00000000     0x1b0c ./Drivers/BSP/STM32U5xx_Nucleo/stm32u5xx_nucleo.o
 .debug_info    0x00001b0c     0x110d ./Drivers/STM32U5xx_HAL_Driver/Src/stm32u5xx_hal.o
 .debug_info    0x00002c19     0x1610 ./Drivers/STM32U5xx_HAL_Driver/Src/stm32u5xx_hal_cortex.o
 .debug_info    0x00004229      0xadc ./Drivers/STM32U5xx_HAL_Driver/Src/stm32u5xx_hal_dma.o
 .debug_info    0x00004d05      0x736 ./Drivers/STM32U5xx_HAL_Driver/Src/stm32u5xx_hal_exti.o
 .debug_info    0x0000543b      0x859 ./Drivers/STM32U5xx_HAL_Driver/Src/stm32u5xx_hal_gpio.o
 .debug_info    0x00005c94      0x4d6 ./Drivers/STM32U5xx_HAL_Driver/Src/stm32u5xx_hal_icache.o
 .debug_info    0x0000616a      0xddc ./Drivers/STM32U5xx_HAL_Driver/Src/stm32u5xx_hal_pwr_ex.o
 .debug_info    0x00006f46     0x114d ./Drivers/STM32U5xx_HAL_Driver/Src/stm32u5xx_hal_rcc.o
 .debug_info    0x00008093     0x1569 ./Drivers/STM32U5xx_HAL_Driver/Src/stm32u5xx_hal_rcc_ex.o
 .debug_info    0x000095fc     0x2e54 ./Drivers/STM32U5xx_HAL_Driver/Src/stm32u5xx_hal_tim.o
 .debug_info    0x0000c450     0x1efe ./Drivers/STM32U5xx_HAL_Driver/Src/stm32u5xx_hal_tim_ex.o
 .debug_info    0x0000e34e     0x456e ./Drivers/STM32U5xx_HAL_Driver/Src/stm32u5xx_hal_uart.o
 .debug_info    0x000128bc      0x8b6 ./Src/gpdma.o
 .debug_info    0x00013172      0x40c ./Src/gpio.o
 .debug_info    0x0001357e      0x114 ./Src/icache.o
 .debug_info    0x00013692      0xf04 ./Src/main.o
 .debug_info    0x00014596      0x40c ./Src/stm32u5xx_hal_msp.o
 .debug_info    0x000149a2      0x170 ./Src/stm32u5xx_it.o
 .debug_info    0x00014b12      0x929 ./Src/system_stm32u5xx.o
 .debug_info    0x0001543b     0x10a3 ./Src/tim.o
 .debug_info    0x000164de      0x17a ./Src/vid.o
 .debug_info    0x00016658       0x30 ./Startup/startup_stm32u545retxq.o

.debug_abbrev   0x00000000     0x2c87
 .debug_abbrev  0x00000000      0x330 ./Drivers/BSP/STM32U5xx_Nucleo/stm32u5xx_nucleo.o
 .debug_abbrev  0x00000330      0x2a3 ./Drivers/STM32U5xx_HAL_Driver/Src/stm32u5xx_hal.o
 .debug_abbrev  0x000005d3      0x311 ./Drivers/STM32U5xx_HAL_Driver/Src/stm32u5xx_hal_cortex.o
 .debug_abbrev  0x000008e4      0x1ff ./Drivers/STM32U5xx_HAL_Driver/Src/stm32u5xx_hal_dma.o
 .debug_abbrev  0x00000ae3      0x198 ./Drivers/STM32U5xx_HAL_Driver/Src/stm32u5xx_hal_exti.o
 .debug_abbrev  0x00000c7b      0x25a ./Drivers/STM32U5xx_HAL_Driver/Src/stm32u5xx_hal_gpio.o
 .debug_abbrev  0x00000ed5      0x228 ./Drivers/STM32U5xx_HAL_Driver/Src/stm32u5xx_hal_icache.o
 .debug_abbrev  0x000010fd      0x215 ./Drivers/STM32U5xx_HAL_Driver/Src/stm32u5xx_hal_pwr_ex.o
 .debug_abbrev  0x00001312      0x2c9 ./Drivers/STM32U5xx_HAL_Driver/Src/stm32u5xx_hal_rcc.o
 .debug_abbrev  0x000015db      0x23d ./Drivers/STM32U5xx_HAL_Driver/Src/stm32u5xx_hal_rcc_ex.o
 .debug_abbrev  0x00001818      0x2bd ./Drivers/STM32U5xx_HAL_Driver/Src/stm32u5xx_hal_tim.o
 .debug_abbrev  0x00001ad5      0x2c7 ./Drivers/STM32U5xx_HAL_Driver/Src/stm32u5xx_hal_tim_ex.o
 .debug_abbrev  0x00001d9c      0x305 ./Drivers/STM32U5xx_HAL_Driver/Src/stm32u5xx_hal_uart.o
 .debug_abbrev  0x000020a1      0x1b7 ./Src/gpdma.o
 .debug_abbrev  0x00002258       0xde ./Src/gpio.o
 .debug_abbrev  0x00002336       0xb6 ./Src/icache.o
 .debug_abbrev  0x000023ec      0x29d ./Src/main.o
 .debug_abbrev  0x00002689       0xde ./Src/stm32u5xx_hal_msp.o
 .debug_abbrev  0x00002767       0xbc ./Src/stm32u5xx_it.o
 .debug_abbrev  0x00002823      0x129 ./Src/system_stm32u5xx.o
 .debug_abbrev  0x0000294c      0x24f ./Src/tim.o
 .debug_abbrev  0x00002b9b       0xc8 ./Src/vid.o
 .debug_abbrev  0x00002c63       0x24 ./Startup/startup_stm32u545retxq.o

.debug_aranges  0x00000000     0x13b0
 .debug_aranges
                0x00000000       0xc8 ./Drivers/BSP/STM32U5xx_Nucleo/stm32u5xx_nucleo.o
 .debug_aranges
                0x000000c8      0x148 ./Drivers/STM32U5xx_HAL_Driver/Src/stm32u5xx_hal.o
 .debug_aranges
                0x00000210      0x140 ./Drivers/STM32U5xx_HAL_Driver/Src/stm32u5xx_hal_cortex.o
 .debug_aranges
                0x00000350       0xa0 ./Drivers/STM32U5xx_HAL_Driver/Src/stm32u5xx_hal_dma.o
 .debug_aranges
                0x000003f0       0x70 ./Drivers/STM32U5xx_HAL_Driver/Src/stm32u5xx_hal_exti.o
 .debug_aranges
                0x00000460       0x78 ./Drivers/STM32U5xx_HAL_Driver/Src/stm32u5xx_hal_gpio.o
 .debug_aranges
                0x000004d8       0xa8 ./Drivers/STM32U5xx_HAL_Driver/Src/stm32u5xx_hal_icache.o
 .debug_aranges
                0x00000580      0x1e0 ./Drivers/STM32U5xx_HAL_Driver/Src/stm32u5xx_hal_pwr_ex.o
 .debug_aranges
                0x00000760       0xa8 ./Drivers/STM32U5xx_HAL_Driver/Src/stm32u5xx_hal_rcc.o
 .debug_aranges
                0x00000808      0x160 ./Drivers/STM32U5xx_HAL_Driver/Src/stm32u5xx_hal_rcc_ex.o
 .debug_aranges
                0x00000968      0x3e8 ./Drivers/STM32U5xx_HAL_Driver/Src/stm32u5xx_hal_tim.o
 .debug_aranges
                0x00000d50      0x250 ./Drivers/STM32U5xx_HAL_Driver/Src/stm32u5xx_hal_tim_ex.o
 .debug_aranges
                0x00000fa0      0x248 ./Drivers/STM32U5xx_HAL_Driver/Src/stm32u5xx_hal_uart.o
 .debug_aranges
                0x000011e8       0x20 ./Src/gpdma.o
 .debug_aranges
                0x00001208       0x20 ./Src/gpio.o
 .debug_aranges
                0x00001228       0x20 ./Src/icache.o
 .debug_aranges
                0x00001248       0x38 ./Src/main.o
 .debug_aranges
                0x00001280       0x20 ./Src/stm32u5xx_hal_msp.o
 .debug_aranges
                0x000012a0       0x68 ./Src/stm32u5xx_it.o
 .debug_aranges
                0x00001308       0x28 ./Src/system_stm32u5xx.o
 .debug_aranges
                0x00001330       0x38 ./Src/tim.o
 .debug_aranges
                0x00001368       0x20 ./Src/vid.o
 .debug_aranges
                0x00001388       0x28 ./Startup/startup_stm32u545retxq.o

.debug_rnglists
                0x00000000      0xf41
 .debug_rnglists
                0x00000000       0x93 ./Drivers/BSP/STM32U5xx_Nucleo/stm32u5xx_nucleo.o
 .debug_rnglists
                0x00000093       0xf3 ./Drivers/STM32U5xx_HAL_Driver/Src/stm32u5xx_hal.o
 .debug_rnglists
                0x00000186       0xec ./Drivers/STM32U5xx_HAL_Driver/Src/stm32u5xx_hal_cortex.o
 .debug_rnglists
                0x00000272       0x7e ./Drivers/STM32U5xx_HAL_Driver/Src/stm32u5xx_hal_dma.o
 .debug_rnglists
                0x000002f0       0x53 ./Drivers/STM32U5xx_HAL_Driver/Src/stm32u5xx_hal_exti.o
 .debug_rnglists
                0x00000343       0x5a ./Drivers/STM32U5xx_HAL_Driver/Src/stm32u5xx_hal_gpio.o
 .debug_rnglists
                0x0000039d       0x7a ./Drivers/STM32U5xx_HAL_Driver/Src/stm32u5xx_hal_icache.o
 .debug_rnglists
                0x00000417      0x16e ./Drivers/STM32U5xx_HAL_Driver/Src/stm32u5xx_hal_pwr_ex.o
 .debug_rnglists
                0x00000585       0x7f ./Drivers/STM32U5xx_HAL_Driver/Src/stm32u5xx_hal_rcc.o
 .debug_rnglists
                0x00000604      0x113 ./Drivers/STM32U5xx_HAL_Driver/Src/stm32u5xx_hal_rcc_ex.o
 .debug_rnglists
                0x00000717      0x32e ./Drivers/STM32U5xx_HAL_Driver/Src/stm32u5xx_hal_tim.o
 .debug_rnglists
                0x00000a45      0x1d7 ./Drivers/STM32U5xx_HAL_Driver/Src/stm32u5xx_hal_tim_ex.o
 .debug_rnglists
                0x00000c1c      0x1fc ./Drivers/STM32U5xx_HAL_Driver/Src/stm32u5xx_hal_uart.o
 .debug_rnglists
                0x00000e18       0x14 ./Src/gpdma.o
 .debug_rnglists
                0x00000e2c       0x13 ./Src/gpio.o
 .debug_rnglists
                0x00000e3f       0x13 ./Src/icache.o
 .debug_rnglists
                0x00000e52       0x27 ./Src/main.o
 .debug_rnglists
                0x00000e79       0x13 ./Src/stm32u5xx_hal_msp.o
 .debug_rnglists
                0x00000e8c       0x49 ./Src/stm32u5xx_it.o
 .debug_rnglists
                0x00000ed5       0x1a ./Src/system_stm32u5xx.o
 .debug_rnglists
                0x00000eef       0x26 ./Src/tim.o
 .debug_rnglists
                0x00000f15       0x13 ./Src/vid.o
 .debug_rnglists
                0x00000f28       0x19 ./Startup/startup_stm32u545retxq.o

.debug_macro    0x00000000    0x2f216
 .debug_macro   0x00000000      0x2a5 ./Drivers/BSP/STM32U5xx_Nucleo/stm32u5xx_nucleo.o
 .debug_macro   0x000002a5      0xae4 ./Drivers/BSP/STM32U5xx_Nucleo/stm32u5xx_nucleo.o
 .debug_macro   0x00000d89      0x201 ./Drivers/BSP/STM32U5xx_Nucleo/stm32u5xx_nucleo.o
 .debug_macro   0x00000f8a       0x2e ./Drivers/BSP/STM32U5xx_Nucleo/stm32u5xx_nucleo.o
 .debug_macro   0x00000fb8       0x42 ./Drivers/BSP/STM32U5xx_Nucleo/stm32u5xx_nucleo.o
 .debug_macro   0x00000ffa       0x22 ./Drivers/BSP/STM32U5xx_Nucleo/stm32u5xx_nucleo.o
 .debug_macro   0x0000101c       0x8e ./Drivers/BSP/STM32U5xx_Nucleo/stm32u5xx_nucleo.o
 .debug_macro   0x000010aa       0x51 ./Drivers/BSP/STM32U5xx_Nucleo/stm32u5xx_nucleo.o
 .debug_macro   0x000010fb      0x103 ./Drivers/BSP/STM32U5xx_Nucleo/stm32u5xx_nucleo.o
 .debug_macro   0x000011fe       0x6a ./Drivers/BSP/STM32U5xx_Nucleo/stm32u5xx_nucleo.o
 .debug_macro   0x00001268      0x1df ./Drivers/BSP/STM32U5xx_Nucleo/stm32u5xx_nucleo.o
 .debug_macro   0x00001447       0x1c ./Drivers/BSP/STM32U5xx_Nucleo/stm32u5xx_nucleo.o
 .debug_macro   0x00001463       0x29 ./Drivers/BSP/STM32U5xx_Nucleo/stm32u5xx_nucleo.o
 .debug_macro   0x0000148c       0xfb ./Drivers/BSP/STM32U5xx_Nucleo/stm32u5xx_nucleo.o
 .debug_macro   0x00001587     0x1685 ./Drivers/BSP/STM32U5xx_Nucleo/stm32u5xx_nucleo.o
 .debug_macro   0x00002c0c       0x5e ./Drivers/BSP/STM32U5xx_Nucleo/stm32u5xx_nucleo.o
 .debug_macro   0x00002c6a    0x1e72c ./Drivers/BSP/STM32U5xx_Nucleo/stm32u5xx_nucleo.o
 .debug_macro   0x00021396       0x6d ./Drivers/BSP/STM32U5xx_Nucleo/stm32u5xx_nucleo.o
 .debug_macro   0x00021403     0x393e ./Drivers/BSP/STM32U5xx_Nucleo/stm32u5xx_nucleo.o
 .debug_macro   0x00024d41      0x190 ./Drivers/BSP/STM32U5xx_Nucleo/stm32u5xx_nucleo.o
 .debug_macro   0x00024ed1       0x61 ./Drivers/BSP/STM32U5xx_Nucleo/stm32u5xx_nucleo.o
 .debug_macro   0x00024f32       0x2a ./Drivers/BSP/STM32U5xx_Nucleo/stm32u5xx_nucleo.o
 .debug_macro   0x00024f5c       0x43 ./Drivers/BSP/STM32U5xx_Nucleo/stm32u5xx_nucleo.o
 .debug_macro   0x00024f9f       0x34 ./Drivers/BSP/STM32U5xx_Nucleo/stm32u5xx_nucleo.o
 .debug_macro   0x00024fd3      0x370 ./Drivers/BSP/STM32U5xx_Nucleo/stm32u5xx_nucleo.o
 .debug_macro   0x00025343       0x16 ./Drivers/BSP/STM32U5xx_Nucleo/stm32u5xx_nucleo.o
 .debug_macro   0x00025359       0x4a ./Drivers/BSP/STM32U5xx_Nucleo/stm32u5xx_nucleo.o
 .debug_macro   0x000253a3       0x34 ./Drivers/BSP/STM32U5xx_Nucleo/stm32u5xx_nucleo.o
 .debug_macro   0x000253d7       0x10 ./Drivers/BSP/STM32U5xx_Nucleo/stm32u5xx_nucleo.o
 .debug_macro   0x000253e7       0x58 ./Drivers/BSP/STM32U5xx_Nucleo/stm32u5xx_nucleo.o
 .debug_macro   0x0002543f       0x8e ./Drivers/BSP/STM32U5xx_Nucleo/stm32u5xx_nucleo.o
 .debug_macro   0x000254cd       0x1c ./Drivers/BSP/STM32U5xx_Nucleo/stm32u5xx_nucleo.o
 .debug_macro   0x000254e9      0x185 ./Drivers/BSP/STM32U5xx_Nucleo/stm32u5xx_nucleo.o
 .debug_macro   0x0002566e      0x19b ./Drivers/BSP/STM32U5xx_Nucleo/stm32u5xx_nucleo.o
 .debug_macro   0x00025809       0x5d ./Drivers/BSP/STM32U5xx_Nucleo/stm32u5xx_nucleo.o
 .debug_macro   0x00025866     0x1933 ./Drivers/BSP/STM32U5xx_Nucleo/stm32u5xx_nucleo.o
 .debug_macro   0x00027199      0x796 ./Drivers/BSP/STM32U5xx_Nucleo/stm32u5xx_nucleo.o
 .debug_macro   0x0002792f      0x166 ./Drivers/BSP/STM32U5xx_Nucleo/stm32u5xx_nucleo.o
 .debug_macro   0x00027a95      0x250 ./Drivers/BSP/STM32U5xx_Nucleo/stm32u5xx_nucleo.o
 .debug_macro   0x00027ce5       0xc9 ./Drivers/BSP/STM32U5xx_Nucleo/stm32u5xx_nucleo.o
 .debug_macro   0x00027dae      0x574 ./Drivers/BSP/STM32U5xx_Nucleo/stm32u5xx_nucleo.o
 .debug_macro   0x00028322      0x440 ./Drivers/BSP/STM32U5xx_Nucleo/stm32u5xx_nucleo.o
 .debug_macro   0x00028762       0xd6 ./Drivers/BSP/STM32U5xx_Nucleo/stm32u5xx_nucleo.o
 .debug_macro   0x00028838      0x1cd ./Drivers/BSP/STM32U5xx_Nucleo/stm32u5xx_nucleo.o
 .debug_macro   0x00028a05      0x42b ./Drivers/BSP/STM32U5xx_Nucleo/stm32u5xx_nucleo.o
 .debug_macro   0x00028e30       0x95 ./Drivers/BSP/STM32U5xx_Nucleo/stm32u5xx_nucleo.o
 .debug_macro   0x00028ec5      0x11c ./Drivers/BSP/STM32U5xx_Nucleo/stm32u5xx_nucleo.o
 .debug_macro   0x00028fe1      0x525 ./Drivers/BSP/STM32U5xx_Nucleo/stm32u5xx_nucleo.o
 .debug_macro   0x00029506      0x448 ./Drivers/BSP/STM32U5xx_Nucleo/stm32u5xx_nucleo.o
 .debug_macro   0x0002994e      0xbc5 ./Drivers/BSP/STM32U5xx_Nucleo/stm32u5xx_nucleo.o
 .debug_macro   0x0002a513      0x45f ./Drivers/BSP/STM32U5xx_Nucleo/stm32u5xx_nucleo.o
 .debug_macro   0x0002a972      0x677 ./Drivers/BSP/STM32U5xx_Nucleo/stm32u5xx_nucleo.o
 .debug_macro   0x0002afe9      0x1a1 ./Drivers/BSP/STM32U5xx_Nucleo/stm32u5xx_nucleo.o
 .debug_macro   0x0002b18a      0x1b8 ./Drivers/BSP/STM32U5xx_Nucleo/stm32u5xx_nucleo.o
 .debug_macro   0x0002b342      0x361 ./Drivers/BSP/STM32U5xx_Nucleo/stm32u5xx_nucleo.o
 .debug_macro   0x0002b6a3       0x1c ./Drivers/BSP/STM32U5xx_Nucleo/stm32u5xx_nucleo.o
 .debug_macro   0x0002b6bf       0x52 ./Drivers/BSP/STM32U5xx_Nucleo/stm32u5xx_nucleo.o
 .debug_macro   0x0002b711       0xf2 ./Drivers/BSP/STM32U5xx_Nucleo/stm32u5xx_nucleo.o
 .debug_macro   0x0002b803      0x29c ./Drivers/STM32U5xx_HAL_Driver/Src/stm32u5xx_hal.o
 .debug_macro   0x0002ba9f      0x278 ./Drivers/STM32U5xx_HAL_Driver/Src/stm32u5xx_hal_cortex.o
 .debug_macro   0x0002bd17      0x279 ./Drivers/STM32U5xx_HAL_Driver/Src/stm32u5xx_hal_dma.o
 .debug_macro   0x0002bf90      0x290 ./Drivers/STM32U5xx_HAL_Driver/Src/stm32u5xx_hal_exti.o
 .debug_macro   0x0002c220      0x2ad ./Drivers/STM32U5xx_HAL_Driver/Src/stm32u5xx_hal_gpio.o
 .debug_macro   0x0002c4cd      0x2aa ./Drivers/STM32U5xx_HAL_Driver/Src/stm32u5xx_hal_icache.o
 .debug_macro   0x0002c777      0x2a3 ./Drivers/STM32U5xx_HAL_Driver/Src/stm32u5xx_hal_pwr_ex.o
 .debug_macro   0x0002ca1a      0x37e ./Drivers/STM32U5xx_HAL_Driver/Src/stm32u5xx_hal_rcc.o
 .debug_macro   0x0002cd98      0x39c ./Drivers/STM32U5xx_HAL_Driver/Src/stm32u5xx_hal_rcc_ex.o
 .debug_macro   0x0002d134      0x280 ./Drivers/STM32U5xx_HAL_Driver/Src/stm32u5xx_hal_tim.o
 .debug_macro   0x0002d3b4      0x27e ./Drivers/STM32U5xx_HAL_Driver/Src/stm32u5xx_hal_tim_ex.o
 .debug_macro   0x0002d632      0x2a3 ./Drivers/STM32U5xx_HAL_Driver/Src/stm32u5xx_hal_uart.o
 .debug_macro   0x0002d8d5      0x2e1 ./Src/gpdma.o
 .debug_macro   0x0002dbb6       0x22 ./Src/gpdma.o
 .debug_macro   0x0002dbd8       0x1c ./Src/gpdma.o
 .debug_macro   0x0002dbf4       0x3c ./Src/gpdma.o
 .debug_macro   0x0002dc30       0x10 ./Src/gpdma.o
 .debug_macro   0x0002dc40       0x1c ./Src/gpdma.o
 .debug_macro   0x0002dc5c       0x16 ./Src/gpdma.o
 .debug_macro   0x0002dc72      0x146 ./Src/gpdma.o
 .debug_macro   0x0002ddb8      0x2e1 ./Src/gpio.o
 .debug_macro   0x0002e099      0x2e1 ./Src/icache.o
 .debug_macro   0x0002e37a      0x317 ./Src/main.o
 .debug_macro   0x0002e691      0x2d7 ./Src/stm32u5xx_hal_msp.o
 .debug_macro   0x0002e968      0x2e1 ./Src/stm32u5xx_it.o
 .debug_macro   0x0002ec49      0x27f ./Src/system_stm32u5xx.o
 .debug_macro   0x0002eec8      0x2e1 ./Src/tim.o
 .debug_macro   0x0002f1a9       0x6d ./Src/vid.o

.debug_line     0x00000000    0x18d1c
 .debug_line    0x00000000      0xb9a ./Drivers/BSP/STM32U5xx_Nucleo/stm32u5xx_nucleo.o
 .debug_line    0x00000b9a      0xc6c ./Drivers/STM32U5xx_HAL_Driver/Src/stm32u5xx_hal.o
 .debug_line    0x00001806      0xe1c ./Drivers/STM32U5xx_HAL_Driver/Src/stm32u5xx_hal_cortex.o
 .debug_line    0x00002622     0x124e ./Drivers/STM32U5xx_HAL_Driver/Src/stm32u5xx_hal_dma.o
 .debug_line    0x00003870      0xc11 ./Drivers/STM32U5xx_HAL_Driver/Src/stm32u5xx_hal_exti.o
 .debug_line    0x00004481      0xd6b ./Drivers/STM32U5xx_HAL_Driver/Src/stm32u5xx_hal_gpio.o
 .debug_line    0x000051ec      0xabf ./Drivers/STM32U5xx_HAL_Driver/Src/stm32u5xx_hal_icache.o
 .debug_line    0x00005cab     0x10c5 ./Drivers/STM32U5xx_HAL_Driver/Src/stm32u5xx_hal_pwr_ex.o
 .debug_line    0x00006d70     0x1659 ./Drivers/STM32U5xx_HAL_Driver/Src/stm32u5xx_hal_rcc.o
 .debug_line    0x000083c9     0x2205 ./Drivers/STM32U5xx_HAL_Driver/Src/stm32u5xx_hal_rcc_ex.o
 .debug_line    0x0000a5ce     0x4526 ./Drivers/STM32U5xx_HAL_Driver/Src/stm32u5xx_hal_tim.o
 .debug_line    0x0000eaf4     0x21e1 ./Drivers/STM32U5xx_HAL_Driver/Src/stm32u5xx_hal_tim_ex.o
 .debug_line    0x00010cd5     0x365c ./Drivers/STM32U5xx_HAL_Driver/Src/stm32u5xx_hal_uart.o
 .debug_line    0x00014331      0x895 ./Src/gpdma.o
 .debug_line    0x00014bc6      0x84f ./Src/gpio.o
 .debug_line    0x00015415      0x86c ./Src/icache.o
 .debug_line    0x00015c81      0x961 ./Src/main.o
 .debug_line    0x000165e2      0x852 ./Src/stm32u5xx_hal_msp.o
 .debug_line    0x00016e34      0x91a ./Src/stm32u5xx_it.o
 .debug_line    0x0001774e      0x8c8 ./Src/system_stm32u5xx.o
 .debug_line    0x00018016      0x923 ./Src/tim.o
 .debug_line    0x00018939      0x368 ./Src/vid.o
 .debug_line    0x00018ca1       0x7b ./Startup/startup_stm32u545retxq.o

.debug_str      0x00000000   0x12954e
 .debug_str     0x00000000   0x12954e ./Drivers/BSP/STM32U5xx_Nucleo/stm32u5xx_nucleo.o
                             0x12139f (size before relaxing)
 .debug_str     0x0012954e        0x0 ./Drivers/STM32U5xx_HAL_Driver/Src/stm32u5xx_hal.o
                             0x120825 (size before relaxing)
 .debug_str     0x0012954e        0x0 ./Drivers/STM32U5xx_HAL_Driver/Src/stm32u5xx_hal_cortex.o
                             0x120677 (size before relaxing)
 .debug_str     0x0012954e        0x0 ./Drivers/STM32U5xx_HAL_Driver/Src/stm32u5xx_hal_dma.o
                             0x11fe1b (size before relaxing)
 .debug_str     0x0012954e        0x0 ./Drivers/STM32U5xx_HAL_Driver/Src/stm32u5xx_hal_exti.o
                             0x11fa0f (size before relaxing)
 .debug_str     0x0012954e        0x0 ./Drivers/STM32U5xx_HAL_Driver/Src/stm32u5xx_hal_gpio.o
                             0x11fabc (size before relaxing)
 .debug_str     0x0012954e        0x0 ./Drivers/STM32U5xx_HAL_Driver/Src/stm32u5xx_hal_icache.o
                             0x11fdb9 (size before relaxing)
 .debug_str     0x0012954e        0x0 ./Drivers/STM32U5xx_HAL_Driver/Src/stm32u5xx_hal_pwr_ex.o
                             0x120137 (size before relaxing)
 .debug_str     0x0012954e        0x0 ./Drivers/STM32U5xx_HAL_Driver/Src/stm32u5xx_hal_rcc.o
                             0x1210fc (size before relaxing)
 .debug_str     0x0012954e        0x0 ./Drivers/STM32U5xx_HAL_Driver/Src/stm32u5xx_hal_rcc_ex.o
                             0x12226a (size before relaxing)
 .debug_str     0x0012954e        0x0 ./Drivers/STM32U5xx_HAL_Driver/Src/stm32u5xx_hal_tim.o
                             0x120eda (size before relaxing)
 .debug_str     0x0012954e        0x0 ./Drivers/STM32U5xx_HAL_Driver/Src/stm32u5xx_hal_tim_ex.o
                             0x120b31 (size before relaxing)
 .debug_str     0x0012954e        0x0 ./Drivers/STM32U5xx_HAL_Driver/Src/stm32u5xx_hal_uart.o
                             0x12075e (size before relaxing)
 .debug_str     0x0012954e        0x0 ./Src/gpdma.o
                             0x120a9d (size before relaxing)
 .debug_str     0x0012954e        0x0 ./Src/gpio.o
                             0x12068b (size before relaxing)
 .debug_str     0x0012954e        0x0 ./Src/icache.o
                             0x1204d0 (size before relaxing)
 .debug_str     0x0012954e        0x0 ./Src/main.o
                             0x1210ba (size before relaxing)
 .debug_str     0x0012954e        0x0 ./Src/stm32u5xx_hal_msp.o
                             0x12068b (size before relaxing)
 .debug_str     0x0012954e        0x0 ./Src/stm32u5xx_it.o
                             0x12051f (size before relaxing)
 .debug_str     0x0012954e        0x0 ./Src/system_stm32u5xx.o
                             0x11fa92 (size before relaxing)
 .debug_str     0x0012954e        0x0 ./Src/tim.o
                             0x12101c (size before relaxing)
 .debug_str     0x0012954e        0x0 ./Src/vid.o
                               0x3e44 (size before relaxing)
 .debug_str     0x0012954e        0x0 ./Startup/startup_stm32u545retxq.o
                                 0x8e (size before relaxing)

.comment        0x00000000       0x43
 .comment       0x00000000       0x43 ./Drivers/BSP/STM32U5xx_Nucleo/stm32u5xx_nucleo.o
                                 0x44 (size before relaxing)
 .comment       0x00000043        0x0 ./Drivers/STM32U5xx_HAL_Driver/Src/stm32u5xx_hal.o
                                 0x44 (size before relaxing)
 .comment       0x00000043        0x0 ./Drivers/STM32U5xx_HAL_Driver/Src/stm32u5xx_hal_cortex.o
                                 0x44 (size before relaxing)
 .comment       0x00000043        0x0 ./Drivers/STM32U5xx_HAL_Driver/Src/stm32u5xx_hal_dma.o
                                 0x44 (size before relaxing)
 .comment       0x00000043        0x0 ./Drivers/STM32U5xx_HAL_Driver/Src/stm32u5xx_hal_exti.o
                                 0x44 (size before relaxing)
 .comment       0x00000043        0x0 ./Drivers/STM32U5xx_HAL_Driver/Src/stm32u5xx_hal_gpio.o
                                 0x44 (size before relaxing)
 .comment       0x00000043        0x0 ./Drivers/STM32U5xx_HAL_Driver/Src/stm32u5xx_hal_icache.o
                                 0x44 (size before relaxing)
 .comment       0x00000043        0x0 ./Drivers/STM32U5xx_HAL_Driver/Src/stm32u5xx_hal_pwr_ex.o
                                 0x44 (size before relaxing)
 .comment       0x00000043        0x0 ./Drivers/STM32U5xx_HAL_Driver/Src/stm32u5xx_hal_rcc.o
                                 0x44 (size before relaxing)
 .comment       0x00000043        0x0 ./Drivers/STM32U5xx_HAL_Driver/Src/stm32u5xx_hal_rcc_ex.o
                                 0x44 (size before relaxing)
 .comment       0x00000043        0x0 ./Drivers/STM32U5xx_HAL_Driver/Src/stm32u5xx_hal_tim.o
                                 0x44 (size before relaxing)
 .comment       0x00000043        0x0 ./Drivers/STM32U5xx_HAL_Driver/Src/stm32u5xx_hal_tim_ex.o
                                 0x44 (size before relaxing)
 .comment       0x00000043        0x0 ./Drivers/STM32U5xx_HAL_Driver/Src/stm32u5xx_hal_uart.o
                                 0x44 (size before relaxing)
 .comment       0x00000043        0x0 ./Src/gpdma.o
                                 0x44 (size before relaxing)
 .comment       0x00000043        0x0 ./Src/gpio.o
                                 0x44 (size before relaxing)
 .comment       0x00000043        0x0 ./Src/icache.o
                                 0x44 (size before relaxing)
 .comment       0x00000043        0x0 ./Src/main.o
                                 0x44 (size before relaxing)
 .comment       0x00000043        0x0 ./Src/stm32u5xx_hal_msp.o
                                 0x44 (size before relaxing)
 .comment       0x00000043        0x0 ./Src/stm32u5xx_it.o
                                 0x44 (size before relaxing)
 .comment       0x00000043        0x0 ./Src/system_stm32u5xx.o
                                 0x44 (size before relaxing)
 .comment       0x00000043        0x0 ./Src/tim.o
                                 0x44 (size before relaxing)
 .comment       0x00000043        0x0 ./Src/vid.o
                                 0x44 (size before relaxing)

.debug_frame    0x00000000     0x52b8
 .debug_frame   0x00000000      0x31c ./Drivers/BSP/STM32U5xx_Nucleo/stm32u5xx_nucleo.o
 .debug_frame   0x0000031c      0x500 ./Drivers/STM32U5xx_HAL_Driver/Src/stm32u5xx_hal.o
 .debug_frame   0x0000081c      0x560 ./Drivers/STM32U5xx_HAL_Driver/Src/stm32u5xx_hal_cortex.o
 .debug_frame   0x00000d7c      0x2a0 ./Drivers/STM32U5xx_HAL_Driver/Src/stm32u5xx_hal_dma.o
 .debug_frame   0x0000101c      0x1c4 ./Drivers/STM32U5xx_HAL_Driver/Src/stm32u5xx_hal_exti.o
 .debug_frame   0x000011e0      0x1ec ./Drivers/STM32U5xx_HAL_Driver/Src/stm32u5xx_hal_gpio.o
 .debug_frame   0x000013cc      0x298 ./Drivers/STM32U5xx_HAL_Driver/Src/stm32u5xx_hal_icache.o
 .debug_frame   0x00001664      0x7cc ./Drivers/STM32U5xx_HAL_Driver/Src/stm32u5xx_hal_pwr_ex.o
 .debug_frame   0x00001e30      0x288 ./Drivers/STM32U5xx_HAL_Driver/Src/stm32u5xx_hal_rcc.o
 .debug_frame   0x000020b8      0x5f4 ./Drivers/STM32U5xx_HAL_Driver/Src/stm32u5xx_hal_rcc_ex.o
 .debug_frame   0x000026ac     0x125c ./Drivers/STM32U5xx_HAL_Driver/Src/stm32u5xx_hal_tim.o
 .debug_frame   0x00003908      0xac0 ./Drivers/STM32U5xx_HAL_Driver/Src/stm32u5xx_hal_tim_ex.o
 .debug_frame   0x000043c8      0xa8c ./Drivers/STM32U5xx_HAL_Driver/Src/stm32u5xx_hal_uart.o
 .debug_frame   0x00004e54       0x34 ./Src/gpdma.o
 .debug_frame   0x00004e88       0x38 ./Src/gpio.o
 .debug_frame   0x00004ec0       0x2c ./Src/icache.o
 .debug_frame   0x00004eec       0x8c ./Src/main.o
 .debug_frame   0x00004f78       0x38 ./Src/stm32u5xx_hal_msp.o
 .debug_frame   0x00004fb0      0x120 ./Src/stm32u5xx_it.o
 .debug_frame   0x000050d0       0x58 ./Src/system_stm32u5xx.o
 .debug_frame   0x00005128       0xa8 ./Src/tim.o
 .debug_frame   0x000051d0       0x38 ./Src/vid.o
 .debug_frame   0x00005208       0x20 /opt/st/stm32cubeide_2.0.0/plugins/com.st.stm32cube.ide.mcu.externaltools.gnu-tools-for-stm32.13.3.rel1.linux64_1.0.100.202509120712/tools/bin/../lib/gcc/arm-none-eabi/13.3.1/../../../../arm-none-eabi/lib/thumb/v8-m.main+fp/hard/libc_nano.a(libc_a-memset.o)
 .debug_frame   0x00005228       0x2c /opt/st/stm32cubeide_2.0.0/plugins/com.st.stm32cube.ide.mcu.externaltools.gnu-tools-for-stm32.13.3.rel1.linux64_1.0.100.202509120712/tools/bin/../lib/gcc/arm-none-eabi/13.3.1/../../../../arm-none-eabi/lib/thumb/v8-m.main+fp/hard/libc_nano.a(libc_a-init.o)
 .debug_frame   0x00005254       0x2c /opt/st/stm32cubeide_2.0.0/plugins/com.st.stm32cube.ide.mcu.externaltools.gnu-tools-for-stm32.13.3.rel1.linux64_1.0.100.202509120712/tools/bin/../lib/gcc/arm-none-eabi/13.3.1/thumb/v8-m.main+fp/hard/libgcc.a(_aeabi_uldivmod.o)
 .debug_frame   0x00005280       0x38 /opt/st/stm32cubeide_2.0.0/plugins/com.st.stm32cube.ide.mcu.externaltools.gnu-tools-for-stm32.13.3.rel1.linux64_1.0.100.202509120712/tools/bin/../lib/gcc/arm-none-eabi/13.3.1/thumb/v8-m.main+fp/hard/libgcc.a(_udivmoddi4.o)

.debug_line_str
                0x00000000       0x72
 .debug_line_str
                0x00000000       0x72 ./Startup/startup_stm32u545retxq.o
